ERC report (2026-07-12T16:44:48, Encoding UTF8)
Report includes: Errors, Warnings

***** Sheet /
[isolated_pin_label]: Label connected to only one pin
    ; warning
    @(50.80 mm, 55.88 mm): Global Label 'GP6_RESERVED'
[isolated_pin_label]: Label connected to only one pin
    ; warning
    @(50.80 mm, 58.42 mm): Global Label 'GP7_RESERVED'
[multiple_net_names]: Both ESP_RX_GPIO16_FROM_PICO_TX and PICO_TX_GP12_TO_ESP_RX are attached to the same items; ESP_RX_GPIO16_FROM_PICO_TX will be used in the netlist
    ; warning
    @(152.40 mm, 67.31 mm): Global Label 'ESP_RX_GPIO16_FROM_PICO_TX'
    @(50.80 mm, 73.66 mm): Global Label 'PICO_TX_GP12_TO_ESP_RX'
[multiple_net_names]: Both ESP_TX_GPIO17_TO_PICO_RX and PICO_RX_GP13_FROM_ESP_TX are attached to the same items; ESP_TX_GPIO17_TO_PICO_RX will be used in the netlist
    ; warning
    @(152.40 mm, 64.77 mm): Global Label 'ESP_TX_GPIO17_TO_PICO_RX'
    @(50.80 mm, 76.20 mm): Global Label 'PICO_RX_GP13_FROM_ESP_TX'
[isolated_pin_label]: Label connected to only one pin
    ; warning
    @(85.09 mm, 35.56 mm): Global Label 'GP16_UNUSED'
[isolated_pin_label]: Label connected to only one pin
    ; warning
    @(85.09 mm, 38.10 mm): Global Label 'GP17_UNUSED'
[isolated_pin_label]: Label connected to only one pin
    ; warning
    @(85.09 mm, 43.18 mm): Global Label 'GP18_UNUSED'
[isolated_pin_label]: Label connected to only one pin
    ; warning
    @(85.09 mm, 45.72 mm): Global Label 'GP19_UNUSED'
[isolated_pin_label]: Label connected to only one pin
    ; warning
    @(85.09 mm, 48.26 mm): Global Label 'GP20_UNUSED'
[isolated_pin_label]: Label connected to only one pin
    ; warning
    @(85.09 mm, 50.80 mm): Global Label 'GP21_UNUSED'
[isolated_pin_label]: Label connected to only one pin
    ; warning
    @(85.09 mm, 55.88 mm): Global Label 'GP22_UNUSED'
[isolated_pin_label]: Label connected to only one pin
    ; warning
    @(85.09 mm, 58.42 mm): Global Label 'PICO_RUN'
[isolated_pin_label]: Label connected to only one pin
    ; warning
    @(85.09 mm, 66.04 mm): Global Label 'AGND'
[isolated_pin_label]: Label connected to only one pin
    ; warning
    @(85.09 mm, 71.12 mm): Global Label 'ADC_VREF'
[isolated_pin_label]: Label connected to only one pin
    ; warning
    @(85.09 mm, 73.66 mm): Global Label 'PICO_3V3_EN'
[isolated_pin_label]: Label connected to only one pin
    ; warning
    @(85.09 mm, 83.82 mm): Global Label 'USB_VBUS'
[isolated_pin_label]: Label connected to only one pin
    ; warning
    @(139.70 mm, 41.91 mm): Global Label 'ESP_EN'
[isolated_pin_label]: Label connected to only one pin
    ; warning
    @(139.70 mm, 44.45 mm): Global Label 'GPIO36_UNUSED'
[isolated_pin_label]: Label connected to only one pin
    ; warning
    @(139.70 mm, 46.99 mm): Global Label 'GPIO39_UNUSED'
[isolated_pin_label]: Label connected to only one pin
    ; warning
    @(139.70 mm, 49.53 mm): Global Label 'GPIO34_UNUSED'
[isolated_pin_label]: Label connected to only one pin
    ; warning
    @(139.70 mm, 52.07 mm): Global Label 'GPIO35_UNUSED'
[isolated_pin_label]: Label connected to only one pin
    ; warning
    @(139.70 mm, 54.61 mm): Global Label 'GPIO32_UNUSED'
[isolated_pin_label]: Label connected to only one pin
    ; warning
    @(139.70 mm, 57.15 mm): Global Label 'GPIO33_UNUSED'
[isolated_pin_label]: Label connected to only one pin
    ; warning
    @(139.70 mm, 59.69 mm): Global Label 'GPIO25_UNUSED'
[isolated_pin_label]: Label connected to only one pin
    ; warning
    @(139.70 mm, 62.23 mm): Global Label 'GPIO26_UNUSED'
[isolated_pin_label]: Label connected to only one pin
    ; warning
    @(139.70 mm, 64.77 mm): Global Label 'GPIO27_UNUSED'
[isolated_pin_label]: Label connected to only one pin
    ; warning
    @(139.70 mm, 67.31 mm): Global Label 'GPIO14_UNUSED'
[isolated_pin_label]: Label connected to only one pin
    ; warning
    @(139.70 mm, 69.85 mm): Global Label 'GPIO12_UNUSED'
[isolated_pin_label]: Label connected to only one pin
    ; warning
    @(139.70 mm, 74.93 mm): Global Label 'GPIO13_UNUSED'
[isolated_pin_label]: Label connected to only one pin
    ; warning
    @(139.70 mm, 77.47 mm): Global Label 'FLASH_D2_UNUSED'
[isolated_pin_label]: Label connected to only one pin
    ; warning
    @(139.70 mm, 80.01 mm): Global Label 'FLASH_D3_UNUSED'
[isolated_pin_label]: Label connected to only one pin
    ; warning
    @(139.70 mm, 82.55 mm): Global Label 'FLASH_CMD_UNUSED'
[isolated_pin_label]: Label connected to only one pin
    ; warning
    @(152.40 mm, 46.99 mm): Global Label 'UART_TX_GPIO1_UNUSED'
[isolated_pin_label]: Label connected to only one pin
    ; warning
    @(152.40 mm, 49.53 mm): Global Label 'UART_RX_GPIO3_UNUSED'
[isolated_pin_label]: Label connected to only one pin
    ; warning
    @(152.40 mm, 62.23 mm): Global Label 'GPIO5_UNUSED'
[isolated_pin_label]: Label connected to only one pin
    ; warning
    @(152.40 mm, 72.39 mm): Global Label 'GPIO0_UNUSED'
[isolated_pin_label]: Label connected to only one pin
    ; warning
    @(152.40 mm, 80.01 mm): Global Label 'FLASH_D1_UNUSED'
[isolated_pin_label]: Label connected to only one pin
    ; warning
    @(152.40 mm, 82.55 mm): Global Label 'FLASH_D0_UNUSED'
[isolated_pin_label]: Label connected to only one pin
    ; warning
    @(152.40 mm, 85.09 mm): Global Label 'FLASH_CLK_UNUSED'
[isolated_pin_label]: Label connected to only one pin
    ; warning
    @(193.04 mm, 59.69 mm): Global Label 'JOY_RIGHT_X_ADC3_GP29'

 ** ERC messages: 40  Errors 0  Warnings 40

 ** Ignored checks:
    - Global label only appears once in the schematic
    - Four connection points are joined together
    - SPICE model issue
    - Assigned footprint doesn't match footprint filters
